// Jest Snapshot v1, https://goo.gl/fbAQLP

exports[`InputSize Render input for epmty value 1`] = `
Array [
  <label
    style={
      Object {
        "background": "gray",
        "border": "1px solid black",
        "borderRadius": "5px",
        "display": "block-inline",
        "height": "30px",
      }
    }
  >
    Введите размер поля:
  </label>,
  <br />,
  <input
    onChange={[MockFunction]}
    placeholder="Enter size"
    style={
      Object {
        "background": "white",
        "border": "1px solid grey",
        "borderRadius": "5px",
        "height": "30px",
      }
    }
    type="text"
    value=""
  />,
]
`;
