// Jest Snapshot v1, https://goo.gl/fbAQLP

exports[`Field render Render Field without props 1`] = `ShallowWrapper {}`;
